// Jest Snapshot v1, https://goo.gl/fbAQLP

exports[`DatetimeFilter component should render properly 1`] = `
ShallowWrapper {
  "length": 1,
  Symbol(enzyme.__root__): [Circular],
  Symbol(enzyme.__unrendered__): <DatetimeFilter
    spec={
        Object {
            "name": "Date field",
          }
    }
/>,
  Symbol(enzyme.__renderer__): Object {
    "batchedUpdates": [Function],
    "getNode": [Function],
    "render": [Function],
    "simulateEvent": [Function],
    "unmount": [Function],
  },
  Symbol(enzyme.__node__): Object {
    "instance": null,
    "key": undefined,
    "nodeType": "host",
    "props": Object {
      "children": Array [
        <DatePicker
          autoOk={false}
          container="dialog"
          disableYearSelection={false}
          disabled={false}
          firstDayOfWeek={1}
          hideCalendarDate={false}
          hintText="Date field"
          onChange={[Function]}
          openToYearSelection={false}
          style={Object {}}
/>,
        <TimePicker
          autoOk={false}
          cancelLabel="Cancel"
          defaultTime={null}
          disabled={false}
          format="ampm"
          hintText="Date field"
          minutesStep={1}
          okLabel="OK"
          onChange={[Function]}
          pedantic={false}
          style={Object {}}
          value={null}
/>,
      ],
    },
    "ref": null,
    "rendered": Array [
      Object {
        "instance": null,
        "key": undefined,
        "nodeType": "class",
        "props": Object {
          "autoOk": false,
          "container": "dialog",
          "disableYearSelection": false,
          "disabled": false,
          "firstDayOfWeek": 1,
          "hideCalendarDate": false,
          "hintText": "Date field",
          "onChange": [Function],
          "openToYearSelection": false,
          "style": Object {},
        },
        "ref": null,
        "rendered": null,
        "type": [Function],
      },
      Object {
        "instance": null,
        "key": undefined,
        "nodeType": "class",
        "props": Object {
          "autoOk": false,
          "cancelLabel": "Cancel",
          "defaultTime": null,
          "disabled": false,
          "format": "ampm",
          "hintText": "Date field",
          "minutesStep": 1,
          "okLabel": "OK",
          "onChange": [Function],
          "pedantic": false,
          "style": Object {},
          "value": null,
        },
        "ref": null,
        "rendered": null,
        "type": [Function],
      },
    ],
    "type": "div",
  },
  Symbol(enzyme.__nodes__): Array [
    Object {
      "instance": null,
      "key": undefined,
      "nodeType": "host",
      "props": Object {
        "children": Array [
          <DatePicker
            autoOk={false}
            container="dialog"
            disableYearSelection={false}
            disabled={false}
            firstDayOfWeek={1}
            hideCalendarDate={false}
            hintText="Date field"
            onChange={[Function]}
            openToYearSelection={false}
            style={Object {}}
/>,
          <TimePicker
            autoOk={false}
            cancelLabel="Cancel"
            defaultTime={null}
            disabled={false}
            format="ampm"
            hintText="Date field"
            minutesStep={1}
            okLabel="OK"
            onChange={[Function]}
            pedantic={false}
            style={Object {}}
            value={null}
/>,
        ],
      },
      "ref": null,
      "rendered": Array [
        Object {
          "instance": null,
          "key": undefined,
          "nodeType": "class",
          "props": Object {
            "autoOk": false,
            "container": "dialog",
            "disableYearSelection": false,
            "disabled": false,
            "firstDayOfWeek": 1,
            "hideCalendarDate": false,
            "hintText": "Date field",
            "onChange": [Function],
            "openToYearSelection": false,
            "style": Object {},
          },
          "ref": null,
          "rendered": null,
          "type": [Function],
        },
        Object {
          "instance": null,
          "key": undefined,
          "nodeType": "class",
          "props": Object {
            "autoOk": false,
            "cancelLabel": "Cancel",
            "defaultTime": null,
            "disabled": false,
            "format": "ampm",
            "hintText": "Date field",
            "minutesStep": 1,
            "okLabel": "OK",
            "onChange": [Function],
            "pedantic": false,
            "style": Object {},
            "value": null,
          },
          "ref": null,
          "rendered": null,
          "type": [Function],
        },
      ],
      "type": "div",
    },
  ],
  Symbol(enzyme.__options__): Object {
    "adapter": ReactSixteenAdapter {
      "options": Object {
        "enableComponentDidUpdateOnSetState": true,
      },
    },
  },
}
`;
