// Jest Snapshot v1, https://goo.gl/fbAQLP

exports[`DatetimeFilter component should render properly 1`] = `
<div
  style={
    Object {
      "width": "100%",
    }
  }
>
  <div>
    Date field
  </div>
  <div
    style={
      Object {
        "display": "inline-block",
        "marginRight": "8px",
        "width": "calc(60% - 8px)",
      }
    }
  >
    <DatePicker
      autoOk={false}
      container="dialog"
      disableYearSelection={false}
      disabled={false}
      firstDayOfWeek={1}
      formatDate={[Function]}
      fullWidth={true}
      hideCalendarDate={false}
      hintText="DD/MM/YYYY"
      onChange={[Function]}
      openToYearSelection={false}
      style={Object {}}
    />
  </div>
  <div
    style={
      Object {
        "display": "inline-block",
        "width": "40%",
      }
    }
  >
    <TimePicker
      autoOk={false}
      cancelLabel="Cancel"
      defaultTime={null}
      disabled={false}
      format="24hr"
      fullWidth={true}
      hintText="00:00"
      minutesStep={1}
      okLabel="OK"
      onChange={[Function]}
      pedantic={false}
      style={Object {}}
      value={null}
    />
  </div>
</div>
`;
