// Jest Snapshot v1, https://goo.gl/fbAQLP

exports[`LimitedIntegerFilter component should render properly 1`] = `
<div
  className="li-filter"
>
  <div>
    Limited integer field
  </div>
  <Slider
    axis="x"
    defaultValue={5}
    disableFocusRipple={false}
    disabled={false}
    max={10}
    min={0}
    onChange={[Function]}
    required={true}
    step={1}
    style={Object {}}
  />
</div>
`;
