// Jest Snapshot v1, https://goo.gl/fbAQLP

exports[`ListFilter component should render properly 1`] = `
ShallowWrapper {
  "length": 1,
  Symbol(enzyme.__root__): [Circular],
  Symbol(enzyme.__unrendered__): <ListFilter
    spec={
        Object {
            "name": "List field",
            "values": Array [],
          }
    }
/>,
  Symbol(enzyme.__renderer__): Object {
    "batchedUpdates": [Function],
    "getNode": [Function],
    "render": [Function],
    "simulateEvent": [Function],
    "unmount": [Function],
  },
  Symbol(enzyme.__node__): Object {
    "instance": null,
    "key": undefined,
    "nodeType": "class",
    "props": Object {
      "anchorOrigin": Object {
        "horizontal": "left",
        "vertical": "bottom",
      },
      "animated": true,
      "dataSource": Array [],
      "dataSourceConfig": Object {
        "text": "name",
      },
      "disableFocusRipple": true,
      "filter": [Function],
      "floatingLabelText": "List field",
      "fullWidth": true,
      "menuCloseDelay": 300,
      "onNewRequest": [Function],
      "onUpdateInput": [Function],
      "open": false,
      "openOnFocus": true,
      "targetOrigin": Object {
        "horizontal": "left",
        "vertical": "top",
      },
    },
    "ref": null,
    "rendered": null,
    "type": [Function],
  },
  Symbol(enzyme.__nodes__): Array [
    Object {
      "instance": null,
      "key": undefined,
      "nodeType": "class",
      "props": Object {
        "anchorOrigin": Object {
          "horizontal": "left",
          "vertical": "bottom",
        },
        "animated": true,
        "dataSource": Array [],
        "dataSourceConfig": Object {
          "text": "name",
        },
        "disableFocusRipple": true,
        "filter": [Function],
        "floatingLabelText": "List field",
        "fullWidth": true,
        "menuCloseDelay": 300,
        "onNewRequest": [Function],
        "onUpdateInput": [Function],
        "open": false,
        "openOnFocus": true,
        "targetOrigin": Object {
          "horizontal": "left",
          "vertical": "top",
        },
      },
      "ref": null,
      "rendered": null,
      "type": [Function],
    },
  ],
  Symbol(enzyme.__options__): Object {
    "adapter": ReactSixteenAdapter {
      "options": Object {
        "enableComponentDidUpdateOnSetState": true,
      },
    },
  },
}
`;
