// Jest Snapshot v1, https://goo.gl/fbAQLP

exports[`UnlimitedIntegerFilter component should render initial state properly 1`] = `
<div
  className="ui-filter"
>
  <div
    className="ui-filter__name"
  >
    Unimited integer field
  </div>
  <div
    className="ui-filter__input"
  >
    <button
      className="ui-filter__button"
      disabled={true}
      onClick={[Function]}
    >
      -
    </button>
    <span
      className="ui-filter__counter"
    >
      0
    </span>
    <button
      className="ui-filter__button"
      onClick={[Function]}
    >
      +
    </button>
  </div>
</div>
`;
