// Jest Snapshot v1, https://goo.gl/fbAQLP

exports[`UserInfo component should render properly with user 1`] = `
<div
  className="user-info"
>
  <div
    className="user-info__data"
  >
    <div
      className="user-info__name"
    >
      My User
    </div>
    <div
      className="user-info__followers"
    >
      65 followers
    </div>
    <button
      className="user-info__logout"
      onClick={[Function]}
    >
      Logout
    </button>
  </div>
  <a
    className="user-info__image"
    href="spotifyurl"
    target="_blank"
  >
    <img
      alt="My User"
      src="userimageurl"
    />
  </a>
</div>
`;

exports[`UserInfo component should render properly without user 1`] = `<UserInfoShimmer />`;
