// Jest Snapshot v1, https://goo.gl/fbAQLP

exports[`PlaylistCardShimmer component should render properly 1`] = `
<ContentLoader
  className=""
  height={337}
  preserveAspectRatio="xMidYMid meet"
  primaryColor="#282828"
  secondaryColor="#404040"
  speed={2}
  type="facebook"
  width={300}
>
  <rect
    height="298"
    rx="5"
    ry="5"
    width="298"
    x="1"
    y="1"
  />
  <rect
    height="30"
    rx="5"
    ry="5"
    width="200"
    x="50"
    y="310"
  />
</ContentLoader>
`;
