// Jest Snapshot v1, https://goo.gl/fbAQLP

exports[`PlaylistsShimmer component should render list shimmer properly 1`] = `
<React.Fragment>
  <div
    className="playlist-card"
    key="0"
  >
    <CardShimmer />
  </div>
  <div
    className="playlist-card"
    key="1"
  >
    <CardShimmer />
  </div>
  <div
    className="playlist-card"
    key="2"
  >
    <CardShimmer />
  </div>
  <div
    className="playlist-card"
    key="3"
  >
    <CardShimmer />
  </div>
</React.Fragment>
`;

exports[`PlaylistsShimmer component should render name shimmer properly 1`] = `
<div
  style={
    Object {
      "width": "260px",
    }
  }
>
  <ContentLoader
    className=""
    height={32}
    preserveAspectRatio="xMidYMid meet"
    primaryColor="#282828"
    secondaryColor="#404040"
    speed={2}
    type="facebook"
    width={300}
  >
    <rect
      height="30"
      rx="5"
      ry="5"
      width="298"
      x="1"
      y="1"
    />
  </ContentLoader>
</div>
`;
