// Jest Snapshot v1, https://goo.gl/fbAQLP

exports[`App component should render login properly 1`] = `
<div
  className="app"
>
  <AppBar
    iconElementLeft={
      <IconButton
        disableTouchRipple={false}
        disabled={false}
        iconStyle={Object {}}
        style={
          Object {
            "position": "absolute",
          }
        }
        tooltipPosition="bottom-center"
        touch={false}
      >
        <ContentFilterList />
      </IconButton>
    }
    onLeftIconButtonClick={[Function]}
    showMenuIconButton={false}
    title={
      <div
        className="app__header"
      >
        <img
          alt="Spotifood"
          src="spotify-green-logo.png"
        />
        <span>
          Spotifood
        </span>
      </div>
    }
    titleStyle={
      Object {
        "textAlign": "center",
      }
    }
    zDepth={1}
  />
  <Login />
</div>
`;
