// Jest Snapshot v1, https://goo.gl/fbAQLP

exports[`PlaylistFilter component should render filters properly 1`] = `
<div
  style={
    Object {
      "padding": "16px",
    }
  }
>
  <EntityFilter
    filters={
      Array [
        Object {
          "id": "locale",
          "name": "Locale",
          "values": Array [
            Object {
              "name": "en_AU",
              "value": "en_AU",
            },
            Object {
              "name": "de_DE ",
              "value": "de_DE",
            },
          ],
        },
        Object {
          "id": "timestamp",
          "name": "Data e Horário",
          "validation": Object {
            "entityType": "DATE_TIME",
            "pattern": "yyyy-MM-ddTHH:mm:ss",
            "primitiveType": "STRING",
          },
        },
        Object {
          "id": "limit",
          "name": "Quantidade",
          "validation": Object {
            "max": 50,
            "min": 1,
            "primitiveType": "INTEGER",
          },
        },
        Object {
          "id": "offset",
          "name": "Página",
          "validation": Object {
            "primitiveType": "INTEGER",
          },
        },
      ]
    }
    onChange={[Function]}
    values={Object {}}
  />
</div>
`;

exports[`PlaylistFilter component should render loading properly 1`] = `<EntityFilterShimmer />`;
