// Jest Snapshot v1, https://goo.gl/fbAQLP

exports[`KeyboardSimulator component should render properly 1`] = `
<div
  className="keyboard-simulator"
>
  <span
    className="keyboard-simulator__text"
  >
    Initial text
     
    <span
      className="keyboard-simulator__inputing"
    />
  </span>
  <span
    className="keyboard-simulator__cursor keyboard-simulator__cursor--idle"
  />
</div>
`;
