// Jest Snapshot v1, https://goo.gl/fbAQLP

exports[`Login component should render properly 1`] = `
initialize {
  "0": Object {
    "attribs": Object {},
    "children": Array [
      Object {
        "data": "Welcome to Spotifood",
        "next": Object {
          "attribs": Object {
            "href": "https://accounts.spotify.com/authorize?client_id=a94d7c3f7ae64cd4a78bd9b7b02c08d9&response_type=token&redirect_uri=http://localhost/",
          },
          "children": Array [
            Object {
              "data": "Enter with spotify",
              "next": null,
              "parent": [Circular],
              "prev": null,
              "type": "text",
            },
          ],
          "name": "a",
          "namespace": "http://www.w3.org/1999/xhtml",
          "next": null,
          "parent": [Circular],
          "prev": [Circular],
          "type": "tag",
          "x-attribsNamespace": Object {
            "href": undefined,
          },
          "x-attribsPrefix": Object {
            "href": undefined,
          },
        },
        "parent": [Circular],
        "prev": null,
        "type": "text",
      },
      Object {
        "attribs": Object {
          "href": "https://accounts.spotify.com/authorize?client_id=a94d7c3f7ae64cd4a78bd9b7b02c08d9&response_type=token&redirect_uri=http://localhost/",
        },
        "children": Array [
          Object {
            "data": "Enter with spotify",
            "next": null,
            "parent": [Circular],
            "prev": null,
            "type": "text",
          },
        ],
        "name": "a",
        "namespace": "http://www.w3.org/1999/xhtml",
        "next": null,
        "parent": [Circular],
        "prev": Object {
          "data": "Welcome to Spotifood",
          "next": [Circular],
          "parent": [Circular],
          "prev": null,
          "type": "text",
        },
        "type": "tag",
        "x-attribsNamespace": Object {
          "href": undefined,
        },
        "x-attribsPrefix": Object {
          "href": undefined,
        },
      },
    ],
    "name": "div",
    "namespace": "http://www.w3.org/1999/xhtml",
    "next": null,
    "parent": null,
    "prev": null,
    "root": Object {
      "attribs": Object {},
      "children": Array [
        [Circular],
      ],
      "name": "root",
      "namespace": "http://www.w3.org/1999/xhtml",
      "next": null,
      "parent": null,
      "prev": null,
      "type": "root",
      "x-attribsNamespace": Object {},
      "x-attribsPrefix": Object {},
    },
    "type": "tag",
    "x-attribsNamespace": Object {},
    "x-attribsPrefix": Object {},
  },
  "_root": [Circular],
  "length": 1,
  "options": Object {
    "decodeEntities": true,
    "normalizeWhitespace": false,
    "withDomLvl1": true,
    "xml": false,
  },
}
`;
