// Jest Snapshot v1, https://goo.gl/fbAQLP

exports[`EntityFilter component should render properly 1`] = `
<div
  className="entity-filter"
>
  <FieldFilter
    key="locale"
    onChange={[Function]}
    spec={
      Object {
        "id": "locale",
        "name": "Locale",
        "values": Array [
          Object {
            "name": "en_AU",
            "value": "en_AU",
          },
          Object {
            "name": "de_DE ",
            "value": "de_DE",
          },
        ],
      }
    }
  />
  <FieldFilter
    key="country"
    onChange={[Function]}
    spec={
      Object {
        "id": "country",
        "name": "País",
        "values": Array [
          Object {
            "name": "Australia",
            "value": "AU",
          },
          Object {
            "name": "Alemanhã",
            "value": "DE",
          },
        ],
      }
    }
  />
  <FieldFilter
    key="timestamp"
    onChange={[Function]}
    spec={
      Object {
        "id": "timestamp",
        "name": "Data e Horário",
        "validation": Object {
          "entityType": "DATE_TIME",
          "pattern": "yyyy-MM-ddTHH:mm:ss",
          "primitiveType": "STRING",
        },
      }
    }
  />
  <FieldFilter
    key="limit"
    onChange={[Function]}
    spec={
      Object {
        "id": "limit",
        "name": "Quantidade",
        "validation": Object {
          "max": 50,
          "min": 1,
          "primitiveType": "INTEGER",
        },
      }
    }
  />
  <FieldFilter
    key="offset"
    onChange={[Function]}
    spec={
      Object {
        "id": "offset",
        "name": "Página",
        "validation": Object {
          "primitiveType": "INTEGER",
        },
      }
    }
  />
</div>
`;
